01:26:40 **** Incremental Build of configuration Debug for project ADC_DMA_ ****
make -j4 all 
arm-none-eabi-gcc "../Core/Src/main.c" -mcpu=cortex-m4 -std=gnu11 -g3 -DDEBUG -DUSE_HAL_DRIVER -DSTM32F407xx -c -I../Core/Inc -I../Drivers/STM32F4xx_HAL_Driver/Inc -I../Drivers/STM32F4xx_HAL_Driver/Inc/Legacy -I../Drivers/CMSIS/Device/ST/STM32F4xx/Include -I../Drivers/CMSIS/Include -O0 -ffunction-sections -fdata-sections -Wall -fstack-usage -fcyclomatic-complexity -MMD -MP -MF"Core/Src/main.d" -MT"Core/Src/main.o" --specs=nano.specs -mfpu=fpv4-sp-d16 -mfloat-abi=hard -mthumb -o "Core/Src/main.o"
arm-none-eabi-gcc -o "ADC_DMA_.elf" @"objects.list"   -mcpu=cortex-m4 -T"/media/italo/SOFT/Projetos/ADCs_DMA/STM32F407VGTX_FLASH.ld" --specs=nosys.specs -Wl,-Map="ADC_DMA_.map" -Wl,--gc-sections -static --specs=nano.specs -mfpu=fpv4-sp-d16 -mfloat-abi=hard -mthumb -Wl,--start-group -lc -lm -Wl,--end-group
Finished building target: ADC_DMA_.elf
 
arm-none-eabi-size  ADC_DMA_.elf 
arm-none-eabi-objdump -h -S ADC_DMA_.elf  > "ADC_DMA_.list"
   text	   data	    bss	    dec	    hex	filename
  19020	     92	   2356	  21468	   53dc	ADC_DMA_.elf
Finished building: default.size.stdout
 
Finished building: ADC_DMA_.list
 
01:26:49 **** Incremental Build of configuration Debug for project ADC_DMA_ ****
make -j4 all 
arm-none-eabi-size  ADC_DMA_.elf 
   text	   data	    bss	    dec	    hex	filename
  19020	     92	   2356	  21468	   53dc	ADC_DMA_.elf
Finished building: default.size.stdout
 
